........................................................................ [ 51%]
.....................................................................    [100%]
141 passed in 0.89s
